### Product2 (53 campos visibles)
OK     Product2.MakeName (STRING)
OK     Product2.ModelName (STRING)
OK     Product2.VersionName (STRING)
OK     Product2.VehicleTrimLevel (STRING)
OK     Product2.ModelYear (INTEGER)
OK     Product2.ModelYearVersion (STRING)
OK     Product2.Family (PICKLIST) [picklist 7 valores]
OK     Product2.ProductLineCode (STRING)
OK     Product2.ProductCategoryCode (STRING)
OK     Product2.ManufacturerName (STRING)
OK     Product2.IsActive (BOOLEAN)
OK     Product2.AvailabilityDate (DATETIME)
OK     Product2.DiscontinuedDate (DATETIME)
OK     Product2.HarmonizedSystemCode (STRING)
OK     Product2.HarmonizedTariffSchedCode (STRING)
OK     Product2.ProductCode (STRING)
OK     Product2.StockKeepingUnit (STRING)
OK     Product2.BusinessBrandId (REFERENCE)
### VehicleDefinition (49 campos visibles)
OK     VehicleDefinition.Name (STRING, idLookup)
OK     VehicleDefinition.ModelCode (STRING)
OK     VehicleDefinition.ExternalReferenceNumber (STRING)
OK     VehicleDefinition.VariantName (STRING)
OK     VehicleDefinition.EngineName (STRING)
OK     VehicleDefinition.EngineCubicCapacity (STRING)
OK     VehicleDefinition.TotalPower (STRING)
OK     VehicleDefinition.MaximumTorque (STRING)
OK     VehicleDefinition.FuelSource (PICKLIST) [picklist 0 valores]
OK     VehicleDefinition.FuelType (PICKLIST) [picklist 5 valores]
OK     VehicleDefinition.TransmissionSystem (PICKLIST) [picklist 0 valores]
OK     VehicleDefinition.TransmissionType (PICKLIST) [picklist 2 valores]
OK     VehicleDefinition.DrivetrainSystem (PICKLIST) [picklist 0 valores]
OK     VehicleDefinition.DrivetrainType (PICKLIST) [picklist 4 valores]
OK     VehicleDefinition.BodyType (STRING)
OK     VehicleDefinition.DoorCount (INTEGER)
OK     VehicleDefinition.DoorStyle (PICKLIST) [picklist 0 valores]
OK     VehicleDefinition.DoorStyleType (PICKLIST) [picklist 4 valores]
OK     VehicleDefinition.EmissionStandard (STRING)
OK     VehicleDefinition.UrbanFuelEconomy (STRING)
OK     VehicleDefinition.ExtraUrbanFuelEconomy (STRING)
OK     VehicleDefinition.CombinedFuelEconomy (STRING)
OK     VehicleDefinition.FuelTankCapacity (STRING)
OK     VehicleDefinition.MainBatteryType (STRING)
OK     VehicleDefinition.AuxiliaryBatteryType (STRING)
OK     VehicleDefinition.BatteryCapacity (STRING)
OK     VehicleDefinition.MaximumBatteryRange (STRING)
OK     VehicleDefinition.MinimumBatteryRange (STRING)
OK     VehicleDefinition.Length (STRING)
OK     VehicleDefinition.Width (STRING)
OK     VehicleDefinition.Height (STRING)
OK     VehicleDefinition.Wheelbase (STRING)
OK     VehicleDefinition.CurbWeight (STRING)
OK     VehicleDefinition.MaximumGrossWeight (STRING)
OK     VehicleDefinition.AccelerationTime (STRING)
OK     VehicleDefinition.TopSpeed (STRING)
OK     VehicleDefinition.VehicleClass (STRING)
OK     VehicleDefinition.GeoCountryId (REFERENCE)
OK     VehicleDefinition.ProductId (REFERENCE)
### Vehicle (85 campos visibles)
OK     Vehicle.ExteriorColor (STRING)
OK     Vehicle.InteriorColor (STRING)
OK     Vehicle.UpholsteryColor (STRING)
OK     Vehicle.UpholsteryType (STRING)
OK     Vehicle.VehicleIdentificationNumber (STRING, idLookup)
OK     Vehicle.VehicleDefinitionId (REFERENCE)
OK     Vehicle.AssetId (REFERENCE)
OBJETO BusinessBrand: OK (createable=true)
OBJETO ProductAttribute: OK (createable=true)
OBJETO ProductAttributeSet: OK (createable=true)
OBJETO ProductAttributeSetItem: OK (createable=true)
OBJETO ProductAttributeSetProduct: OK (createable=true)
OBJETO ProductMedia: OK (createable=true)
OBJETO VehDefSearchableField: OK (createable=true)
OBJETO GeoCountry: OK (createable=true)
OBJETO GeoCountrySpecification: NO EXISTE
