<?xml version="1.0" encoding="UTF-8"?>
<OmniDataTransform xmlns="http://soap.sforce.com/2006/04/metadata">
    <active>true</active>
    <assignmentRulesUsed>false</assignmentRulesUsed>
    <deletedOnSuccess>false</deletedOnSuccess>
    <errorIgnored>false</errorIgnored>
    <fieldLevelSecurityEnabled>true</fieldLevelSecurityEnabled>
    <inputType>JSON</inputType>
    <isManagedUsingStdDesigner>true</isManagedUsingStdDesigner>
    <name>DRLeadLineItemInsert</name>
    <nullInputsIncludedInOutput>false</nullInputsIncludedInOutput>
    <omniDataTransformItem>
        <disabled>false</disabled>
        <globalKey>0334b16f-68fa-4625-a074-87d9327a7d20</globalKey>
        <inputFieldName>leadId</inputFieldName>
        <inputObjectName>LeadLineItem</inputObjectName>
        <inputObjectQuerySequence>0.0</inputObjectQuerySequence>
        <linkedObjectSequence>0.0</linkedObjectSequence>
        <name>DRLeadLineItemInsert</name>
        <outputCreationSequence>0.0</outputCreationSequence>
        <outputFieldName>LeadId</outputFieldName>
        <outputObjectName>LeadLineItem</outputObjectName>
        <requiredForUpsert>false</requiredForUpsert>
        <upsertKey>false</upsertKey>
    </omniDataTransformItem>
    <omniDataTransformItem>
        <disabled>false</disabled>
        <globalKey>1245c1f4-0963-4b98-af0a-bc33f5d5e87c</globalKey>
        <inputFieldName>lineItems:quantity</inputFieldName>
        <inputObjectName>LeadLineItem</inputObjectName>
        <inputObjectQuerySequence>0.0</inputObjectQuerySequence>
        <linkedObjectSequence>0.0</linkedObjectSequence>
        <name>DRLeadLineItemInsert</name>
        <outputCreationSequence>0.0</outputCreationSequence>
        <outputFieldName>Quantity</outputFieldName>
        <outputObjectName>LeadLineItem</outputObjectName>
        <requiredForUpsert>false</requiredForUpsert>
        <upsertKey>false</upsertKey>
    </omniDataTransformItem>
    <omniDataTransformItem>
        <disabled>false</disabled>
        <globalKey>7c7249c9-776d-4d93-9ca3-a97cc10f0ba2</globalKey>
        <inputFieldName>lineItems:vehicleConditionPicklist</inputFieldName>
        <inputObjectName>LeadLineItem</inputObjectName>
        <inputObjectQuerySequence>0.0</inputObjectQuerySequence>
        <linkedObjectSequence>0.0</linkedObjectSequence>
        <name>DRLeadLineItemInsert</name>
        <outputCreationSequence>0.0</outputCreationSequence>
        <outputFieldName>VehicleConditionPicklist</outputFieldName>
        <outputObjectName>LeadLineItem</outputObjectName>
        <requiredForUpsert>false</requiredForUpsert>
        <upsertKey>false</upsertKey>
    </omniDataTransformItem>
    <omniDataTransformItem>
        <disabled>false</disabled>
        <filterGroup>0.0</filterGroup>
        <globalKey>6942f619-1a32-4162-9cb0-757a844d2c0a</globalKey>
        <inputFieldName>lineItems:productId</inputFieldName>
        <inputObjectName>LeadLineItem</inputObjectName>
        <inputObjectQuerySequence>0.0</inputObjectQuerySequence>
        <linkedObjectSequence>0.0</linkedObjectSequence>
        <name>DRLeadLineItemInsert</name>
        <outputCreationSequence>0.0</outputCreationSequence>
        <outputFieldName>ProductId</outputFieldName>
        <outputObjectName>LeadLineItem</outputObjectName>
        <requiredForUpsert>false</requiredForUpsert>
        <upsertKey>false</upsertKey>
    </omniDataTransformItem>
    <outputType>SObject</outputType>
    <previewJsonData>{
  &quot;leadId&quot; : &quot;00Q5h00000ABCDEF&quot;,
  &quot;lineItems&quot; : [ { &quot;productCode&quot; : &quot;FORLAND-T3-2026&quot;, &quot;quantity&quot; : 1, &quot;vehicleConditionPicklist&quot; : &quot;New&quot; } ]
}</previewJsonData>
    <processSuperBulk>false</processSuperBulk>
    <responseCacheTtlMinutes>0.0</responseCacheTtlMinutes>
    <rollbackOnError>false</rollbackOnError>
    <sourceObjectDefault>false</sourceObjectDefault>
    <synchronousProcessThreshold>0.0</synchronousProcessThreshold>
    <type>Load</type>
    <uniqueName>DRLeadLineItemInsert_1</uniqueName>
    <versionNumber>1.0</versionNumber>
    <xmlDeclarationRemoved>false</xmlDeclarationRemoved>
</OmniDataTransform>
