<?xml version="1.0" encoding="UTF-8"?>
<OmniDataTransform xmlns="http://soap.sforce.com/2006/04/metadata">
    <active>true</active>
    <assignmentRulesUsed>true</assignmentRulesUsed>
    <deletedOnSuccess>false</deletedOnSuccess>
    <errorIgnored>false</errorIgnored>
    <fieldLevelSecurityEnabled>true</fieldLevelSecurityEnabled>
    <inputType>JSON</inputType>
    <isManagedUsingStdDesigner>true</isManagedUsingStdDesigner>
    <name>DRLeadInsertMapper</name>
    <nullInputsIncludedInOutput>false</nullInputsIncludedInOutput>
    <omniDataTransformItem>
        <disabled>false</disabled>
        <filterGroup>0.0</filterGroup>
        <globalKey>af385885-0c3f-44e2-9d4b-7dd7e7855c15</globalKey>
        <inputFieldName>lead:lastName</inputFieldName>
        <inputObjectQuerySequence>0.0</inputObjectQuerySequence>
        <linkedObjectSequence>0.0</linkedObjectSequence>
        <name>DRLeadInsertMapper</name>
        <omniDataTransformation>0kdWK0000014Ggj</omniDataTransformation>
        <omniDataTransformationId>0kdWK0000014Ggj</omniDataTransformationId>
        <outputCreationSequence>1.0</outputCreationSequence>
        <outputFieldName>LastName</outputFieldName>
        <outputObjectName>Lead</outputObjectName>
        <requiredForUpsert>false</requiredForUpsert>
        <transformValuesMappings>{ }</transformValuesMappings>
        <upsertKey>false</upsertKey>
    </omniDataTransformItem>
    <omniDataTransformItem>
        <disabled>false</disabled>
        <filterGroup>0.0</filterGroup>
        <globalKey>03a0f3a3-01a2-4821-b682-35a5bbab8649</globalKey>
        <inputFieldName>linhaNegocio</inputFieldName>
        <inputObjectName>Lead</inputObjectName>
        <inputObjectQuerySequence>0.0</inputObjectQuerySequence>
        <linkedObjectSequence>0.0</linkedObjectSequence>
        <name>DRLeadInsertMapper</name>
        <omniDataTransformation>0kdWK0000014GDh</omniDataTransformation>
        <omniDataTransformationId>0kdWK0000014GDh</omniDataTransformationId>
        <outputCreationSequence>0.0</outputCreationSequence>
        <outputFieldName>LinhaNegocio__c</outputFieldName>
        <outputObjectName>Lead</outputObjectName>
        <requiredForUpsert>false</requiredForUpsert>
        <upsertKey>false</upsertKey>
    </omniDataTransformItem>
    <omniDataTransformItem>
        <disabled>false</disabled>
        <filterGroup>0.0</filterGroup>
        <globalKey>ba650a26-312e-4e9b-890f-71561065e273</globalKey>
        <inputFieldName>lastName</inputFieldName>
        <inputObjectName>Lead</inputObjectName>
        <inputObjectQuerySequence>0.0</inputObjectQuerySequence>
        <linkedObjectSequence>0.0</linkedObjectSequence>
        <name>DRLeadInsertMapper</name>
        <omniDataTransformation>0kdWK0000014GLl</omniDataTransformation>
        <omniDataTransformationId>0kdWK0000014GLl</omniDataTransformationId>
        <outputCreationSequence>0.0</outputCreationSequence>
        <outputFieldName>LastName</outputFieldName>
        <outputObjectName>Lead</outputObjectName>
        <requiredForUpsert>false</requiredForUpsert>
        <upsertKey>false</upsertKey>
    </omniDataTransformItem>
    <omniDataTransformItem>
        <disabled>false</disabled>
        <filterGroup>0.0</filterGroup>
        <globalKey>05161768-31fb-4771-bbd6-f0b01b560239</globalKey>
        <inputFieldName>nationalId</inputFieldName>
        <inputObjectName>Lead</inputObjectName>
        <inputObjectQuerySequence>0.0</inputObjectQuerySequence>
        <linkedObjectSequence>0.0</linkedObjectSequence>
        <name>DRLeadInsertMapper</name>
        <omniDataTransformation>0kdWK0000014GYf</omniDataTransformation>
        <omniDataTransformationId>0kdWK0000014GYf</omniDataTransformationId>
        <outputCreationSequence>0.0</outputCreationSequence>
        <outputFieldName>NationalId__c</outputFieldName>
        <outputObjectName>Lead</outputObjectName>
        <requiredForUpsert>false</requiredForUpsert>
        <upsertKey>false</upsertKey>
    </omniDataTransformItem>
    <omniDataTransformItem>
        <disabled>false</disabled>
        <filterGroup>0.0</filterGroup>
        <globalKey>3e39aa0f-088e-4637-a405-9c377196028c</globalKey>
        <inputFieldName>lead:webMessage</inputFieldName>
        <inputObjectQuerySequence>0.0</inputObjectQuerySequence>
        <linkedObjectSequence>0.0</linkedObjectSequence>
        <name>DRLeadInsertMapper</name>
        <omniDataTransformation>0kdWK0000014Gf9</omniDataTransformation>
        <omniDataTransformationId>0kdWK0000014Gf9</omniDataTransformationId>
        <outputCreationSequence>1.0</outputCreationSequence>
        <outputFieldName>WebMessage__c</outputFieldName>
        <outputObjectName>Lead</outputObjectName>
        <requiredForUpsert>false</requiredForUpsert>
        <transformValuesMappings>{ }</transformValuesMappings>
        <upsertKey>false</upsertKey>
    </omniDataTransformItem>
    <omniDataTransformItem>
        <disabled>false</disabled>
        <filterGroup>0.0</filterGroup>
        <globalKey>28040518-3e57-43bf-b534-6b29ba8cd9d7</globalKey>
        <inputFieldName>externalRequestId</inputFieldName>
        <inputObjectName>Lead</inputObjectName>
        <inputObjectQuerySequence>0.0</inputObjectQuerySequence>
        <linkedObjectSequence>0.0</linkedObjectSequence>
        <name>DRLeadInsertMapper</name>
        <omniDataTransformation>0kdWK0000014GSD</omniDataTransformation>
        <omniDataTransformationId>0kdWK0000014GSD</omniDataTransformationId>
        <outputCreationSequence>0.0</outputCreationSequence>
        <outputFieldName>ExternalRequestId__c</outputFieldName>
        <outputObjectName>Lead</outputObjectName>
        <requiredForUpsert>false</requiredForUpsert>
        <upsertKey>false</upsertKey>
    </omniDataTransformItem>
    <omniDataTransformItem>
        <disabled>false</disabled>
        <filterGroup>0.0</filterGroup>
        <globalKey>2037be3b-9872-4ac3-bbc0-6d7196435d7a</globalKey>
        <inputFieldName>lead:brand</inputFieldName>
        <inputObjectQuerySequence>0.0</inputObjectQuerySequence>
        <linkedObjectSequence>0.0</linkedObjectSequence>
        <name>DRLeadInsertMapper</name>
        <omniDataTransformation>0kdWK0000014Gf7</omniDataTransformation>
        <omniDataTransformationId>0kdWK0000014Gf7</omniDataTransformationId>
        <outputCreationSequence>1.0</outputCreationSequence>
        <outputFieldName>Brand__c</outputFieldName>
        <outputObjectName>Lead</outputObjectName>
        <requiredForUpsert>false</requiredForUpsert>
        <transformValuesMappings>{ }</transformValuesMappings>
        <upsertKey>false</upsertKey>
    </omniDataTransformItem>
    <omniDataTransformItem>
        <disabled>false</disabled>
        <filterGroup>0.0</filterGroup>
        <globalKey>83b99b49-baca-4e65-9cab-5a0708462c55</globalKey>
        <inputFieldName>description</inputFieldName>
        <inputObjectName>Lead</inputObjectName>
        <inputObjectQuerySequence>0.0</inputObjectQuerySequence>
        <linkedObjectSequence>0.0</linkedObjectSequence>
        <name>DRLeadInsertMapper</name>
        <omniDataTransformation>0kdWK0000014Eoc</omniDataTransformation>
        <omniDataTransformationId>0kdWK0000014Eoc</omniDataTransformationId>
        <outputCreationSequence>0.0</outputCreationSequence>
        <outputFieldName>Description</outputFieldName>
        <outputObjectName>Lead</outputObjectName>
        <requiredForUpsert>false</requiredForUpsert>
        <upsertKey>false</upsertKey>
    </omniDataTransformItem>
    <omniDataTransformItem>
        <disabled>false</disabled>
        <filterGroup>0.0</filterGroup>
        <globalKey>f494da47-190a-48d5-baec-2d80f912b249</globalKey>
        <inputFieldName>industry</inputFieldName>
        <inputObjectName>Lead</inputObjectName>
        <inputObjectQuerySequence>0.0</inputObjectQuerySequence>
        <linkedObjectSequence>0.0</linkedObjectSequence>
        <name>DRLeadInsertMapper</name>
        <omniDataTransformation>0kdWK0000014GC5</omniDataTransformation>
        <omniDataTransformationId>0kdWK0000014GC5</omniDataTransformationId>
        <outputCreationSequence>0.0</outputCreationSequence>
        <outputFieldName>Industry</outputFieldName>
        <outputObjectName>Lead</outputObjectName>
        <requiredForUpsert>false</requiredForUpsert>
        <upsertKey>false</upsertKey>
    </omniDataTransformItem>
    <omniDataTransformItem>
        <disabled>false</disabled>
        <filterGroup>0.0</filterGroup>
        <globalKey>dfddd46f-a1e3-40ce-9bed-0428c8168890</globalKey>
        <inputFieldName>lead:leadSource</inputFieldName>
        <inputObjectQuerySequence>0.0</inputObjectQuerySequence>
        <linkedObjectSequence>0.0</linkedObjectSequence>
        <name>DRLeadInsertMapper</name>
        <omniDataTransformation>0kdWK0000014Gbt</omniDataTransformation>
        <omniDataTransformationId>0kdWK0000014Gbt</omniDataTransformationId>
        <outputCreationSequence>1.0</outputCreationSequence>
        <outputFieldName>LeadSource</outputFieldName>
        <outputObjectName>Lead</outputObjectName>
        <requiredForUpsert>false</requiredForUpsert>
        <transformValuesMappings>{ }</transformValuesMappings>
        <upsertKey>false</upsertKey>
    </omniDataTransformItem>
    <omniDataTransformItem>
        <disabled>false</disabled>
        <filterGroup>0.0</filterGroup>
        <globalKey>b4bf431e-6eb3-4a63-b742-89a4b968789a</globalKey>
        <inputFieldName>lead:personalDataAuthorization</inputFieldName>
        <inputObjectQuerySequence>0.0</inputObjectQuerySequence>
        <linkedObjectSequence>0.0</linkedObjectSequence>
        <name>DRLeadInsertMapper</name>
        <omniDataTransformation>0kdWK0000014Gf8</omniDataTransformation>
        <omniDataTransformationId>0kdWK0000014Gf8</omniDataTransformationId>
        <outputCreationSequence>1.0</outputCreationSequence>
        <outputFieldName>PersonalDataAuthorization__c</outputFieldName>
        <outputObjectName>Lead</outputObjectName>
        <requiredForUpsert>false</requiredForUpsert>
        <transformValuesMappings>{ }</transformValuesMappings>
        <upsertKey>false</upsertKey>
    </omniDataTransformItem>
    <omniDataTransformItem>
        <disabled>false</disabled>
        <filterGroup>0.0</filterGroup>
        <globalKey>ca3b5310-c130-4ce2-8574-817a64ddaef2</globalKey>
        <inputFieldName>country</inputFieldName>
        <inputObjectName>Lead</inputObjectName>
        <inputObjectQuerySequence>0.0</inputObjectQuerySequence>
        <linkedObjectSequence>0.0</linkedObjectSequence>
        <name>DRLeadInsertMapper</name>
        <omniDataTransformation>0kdWK0000014GGv</omniDataTransformation>
        <omniDataTransformationId>0kdWK0000014GGv</omniDataTransformationId>
        <outputCreationSequence>0.0</outputCreationSequence>
        <outputFieldName>Country</outputFieldName>
        <outputObjectName>Lead</outputObjectName>
        <requiredForUpsert>false</requiredForUpsert>
        <upsertKey>false</upsertKey>
    </omniDataTransformItem>
    <omniDataTransformItem>
        <disabled>false</disabled>
        <filterGroup>0.0</filterGroup>
        <globalKey>49ea6649-da63-4533-a3cb-1920d7b08d96</globalKey>
        <inputFieldName>lead:testDriveDate</inputFieldName>
        <inputObjectQuerySequence>0.0</inputObjectQuerySequence>
        <linkedObjectSequence>0.0</linkedObjectSequence>
        <name>DRLeadInsertMapper</name>
        <omniDataTransformation>0kdWK0000014Gjy</omniDataTransformation>
        <omniDataTransformationId>0kdWK0000014Gjy</omniDataTransformationId>
        <outputCreationSequence>1.0</outputCreationSequence>
        <outputFieldName>TestDriveDateTime__c</outputFieldName>
        <outputObjectName>Lead</outputObjectName>
        <requiredForUpsert>false</requiredForUpsert>
        <transformValuesMappings>{ }</transformValuesMappings>
        <upsertKey>false</upsertKey>
    </omniDataTransformItem>
    <omniDataTransformItem>
        <disabled>false</disabled>
        <filterGroup>0.0</filterGroup>
        <globalKey>77266fc5-1296-445f-b884-97603ec73be9</globalKey>
        <inputFieldName>lead:driversLicense</inputFieldName>
        <inputObjectQuerySequence>0.0</inputObjectQuerySequence>
        <linkedObjectSequence>0.0</linkedObjectSequence>
        <name>DRLeadInsertMapper</name>
        <omniDataTransformation>0kdWK0000014Gjz</omniDataTransformation>
        <omniDataTransformationId>0kdWK0000014Gjz</omniDataTransformationId>
        <outputCreationSequence>1.0</outputCreationSequence>
        <outputFieldName>DriverLicense__c</outputFieldName>
        <outputObjectName>Lead</outputObjectName>
        <requiredForUpsert>false</requiredForUpsert>
        <transformValuesMappings>{ }</transformValuesMappings>
        <upsertKey>false</upsertKey>
    </omniDataTransformItem>
    <omniDataTransformItem>
        <disabled>false</disabled>
        <filterGroup>0.0</filterGroup>
        <globalKey>b6f40b65-c8e4-4dde-b617-ae7451481a13</globalKey>
        <inputFieldName>lead:documentType</inputFieldName>
        <inputObjectQuerySequence>0.0</inputObjectQuerySequence>
        <linkedObjectSequence>0.0</linkedObjectSequence>
        <name>DRLeadInsertMapper</name>
        <omniDataTransformation>0kdWK0000014LA9</omniDataTransformation>
        <omniDataTransformationId>0kdWK0000014LA9</omniDataTransformationId>
        <outputCreationSequence>1.0</outputCreationSequence>
        <outputFieldName>DocumentType__c</outputFieldName>
        <outputObjectName>Lead</outputObjectName>
        <requiredForUpsert>false</requiredForUpsert>
        <transformValuesMappings>{ }</transformValuesMappings>
        <upsertKey>false</upsertKey>
    </omniDataTransformItem>
    <omniDataTransformItem>
        <disabled>false</disabled>
        <filterGroup>0.0</filterGroup>
        <globalKey>a325e509-c2fe-4200-a726-5a2c3ddb8cfb</globalKey>
        <inputFieldName>lead:country</inputFieldName>
        <inputObjectQuerySequence>0.0</inputObjectQuerySequence>
        <linkedObjectSequence>0.0</linkedObjectSequence>
        <name>DRLeadInsertMapper</name>
        <omniDataTransformation>0kdWK0000014GX3</omniDataTransformation>
        <omniDataTransformationId>0kdWK0000014GX3</omniDataTransformationId>
        <outputCreationSequence>1.0</outputCreationSequence>
        <outputFieldName>CountryCode</outputFieldName>
        <outputObjectName>Lead</outputObjectName>
        <requiredForUpsert>false</requiredForUpsert>
        <transformValuesMappings>{ }</transformValuesMappings>
        <upsertKey>false</upsertKey>
    </omniDataTransformItem>
    <omniDataTransformItem>
        <disabled>false</disabled>
        <filterGroup>0.0</filterGroup>
        <globalKey>5265e8f7-10bb-41b7-be4c-7a4c91ffcd85</globalKey>
        <inputFieldName>phone</inputFieldName>
        <inputObjectName>Lead</inputObjectName>
        <inputObjectQuerySequence>0.0</inputObjectQuerySequence>
        <linkedObjectSequence>0.0</linkedObjectSequence>
        <name>DRLeadInsertMapper</name>
        <omniDataTransformation>0kdWK0000014GTp</omniDataTransformation>
        <omniDataTransformationId>0kdWK0000014GTp</omniDataTransformationId>
        <outputCreationSequence>0.0</outputCreationSequence>
        <outputFieldName>Phone</outputFieldName>
        <outputObjectName>Lead</outputObjectName>
        <requiredForUpsert>false</requiredForUpsert>
        <upsertKey>false</upsertKey>
    </omniDataTransformItem>
    <omniDataTransformItem>
        <disabled>false</disabled>
        <filterGroup>0.0</filterGroup>
        <globalKey>3ea623a6-57a5-4c73-99b8-21919c857703</globalKey>
        <inputFieldName>lead:nationalId</inputFieldName>
        <inputObjectQuerySequence>0.0</inputObjectQuerySequence>
        <linkedObjectSequence>0.0</linkedObjectSequence>
        <name>DRLeadInsertMapper</name>
        <omniDataTransformation>0kdWK0000014L6v</omniDataTransformation>
        <omniDataTransformationId>0kdWK0000014L6v</omniDataTransformationId>
        <outputCreationSequence>1.0</outputCreationSequence>
        <outputFieldName>NationalId__c</outputFieldName>
        <outputObjectName>Lead</outputObjectName>
        <requiredForUpsert>false</requiredForUpsert>
        <transformValuesMappings>{ }</transformValuesMappings>
        <upsertKey>false</upsertKey>
    </omniDataTransformItem>
    <omniDataTransformItem>
        <disabled>false</disabled>
        <filterGroup>0.0</filterGroup>
        <globalKey>7475c578-78eb-4848-94d7-79672c689a48</globalKey>
        <inputFieldName>RecordTypeId</inputFieldName>
        <inputObjectQuerySequence>0.0</inputObjectQuerySequence>
        <linkedObjectSequence>0.0</linkedObjectSequence>
        <name>DRLeadInsertMapper</name>
        <omniDataTransformation>0kdWK0000019Ce5</omniDataTransformation>
        <omniDataTransformationId>0kdWK0000019Ce5</omniDataTransformationId>
        <outputCreationSequence>1.0</outputCreationSequence>
        <outputFieldName>RecordTypeId</outputFieldName>
        <outputObjectName>Lead</outputObjectName>
        <requiredForUpsert>false</requiredForUpsert>
        <transformValuesMappings>{ }</transformValuesMappings>
        <upsertKey>false</upsertKey>
    </omniDataTransformItem>
    <omniDataTransformItem>
        <disabled>false</disabled>
        <filterGroup>0.0</filterGroup>
        <globalKey>4c354602-eceb-42c2-83e8-66b9ec71ee17</globalKey>
        <inputFieldName>lead:companyCode</inputFieldName>
        <inputObjectQuerySequence>0.0</inputObjectQuerySequence>
        <linkedObjectSequence>0.0</linkedObjectSequence>
        <name>DRLeadInsertMapper</name>
        <omniDataTransformation>0kdWK0000014Jt7</omniDataTransformation>
        <omniDataTransformationId>0kdWK0000014Jt7</omniDataTransformationId>
        <outputCreationSequence>1.0</outputCreationSequence>
        <outputFieldName>CompanyCode__c</outputFieldName>
        <outputObjectName>Lead</outputObjectName>
        <requiredForUpsert>false</requiredForUpsert>
        <transformValuesMappings>{ }</transformValuesMappings>
        <upsertKey>false</upsertKey>
    </omniDataTransformItem>
    <omniDataTransformItem>
        <disabled>false</disabled>
        <filterGroup>0.0</filterGroup>
        <globalKey>69c7872a-cebe-49de-8d9c-fba16e82cc93</globalKey>
        <inputFieldName>lead:email</inputFieldName>
        <inputObjectQuerySequence>0.0</inputObjectQuerySequence>
        <linkedObjectSequence>0.0</linkedObjectSequence>
        <name>DRLeadInsertMapper</name>
        <omniDataTransformation>0kdWK0000014GiL</omniDataTransformation>
        <omniDataTransformationId>0kdWK0000014GiL</omniDataTransformationId>
        <outputCreationSequence>1.0</outputCreationSequence>
        <outputFieldName>Email</outputFieldName>
        <outputObjectName>Lead</outputObjectName>
        <requiredForUpsert>false</requiredForUpsert>
        <transformValuesMappings>{ }</transformValuesMappings>
        <upsertKey>false</upsertKey>
    </omniDataTransformItem>
    <omniDataTransformItem>
        <disabled>false</disabled>
        <filterGroup>0.0</filterGroup>
        <globalKey>e9129c31-e3ce-4d54-8598-501cd2ca675b</globalKey>
        <inputFieldName>leadSource</inputFieldName>
        <inputObjectName>Lead</inputObjectName>
        <inputObjectQuerySequence>0.0</inputObjectQuerySequence>
        <linkedObjectSequence>0.0</linkedObjectSequence>
        <name>DRLeadInsertMapper</name>
        <omniDataTransformation>0kdWK0000014GFJ</omniDataTransformation>
        <omniDataTransformationId>0kdWK0000014GFJ</omniDataTransformationId>
        <outputCreationSequence>0.0</outputCreationSequence>
        <outputFieldName>LeadSource</outputFieldName>
        <outputObjectName>Lead</outputObjectName>
        <requiredForUpsert>false</requiredForUpsert>
        <upsertKey>false</upsertKey>
    </omniDataTransformItem>
    <omniDataTransformItem>
        <disabled>false</disabled>
        <filterGroup>0.0</filterGroup>
        <globalKey>02ae8e8d-3516-4511-858b-63c25fddbcfb</globalKey>
        <inputFieldName>channelCode</inputFieldName>
        <inputObjectName>Lead</inputObjectName>
        <inputObjectQuerySequence>0.0</inputObjectQuerySequence>
        <linkedObjectSequence>0.0</linkedObjectSequence>
        <name>DRLeadInsertMapper</name>
        <omniDataTransformation>0kdWK0000014GNN</omniDataTransformation>
        <omniDataTransformationId>0kdWK0000014GNN</omniDataTransformationId>
        <outputCreationSequence>0.0</outputCreationSequence>
        <outputFieldName>ChannelCode__c</outputFieldName>
        <outputObjectName>Lead</outputObjectName>
        <requiredForUpsert>false</requiredForUpsert>
        <upsertKey>false</upsertKey>
    </omniDataTransformItem>
    <omniDataTransformItem>
        <disabled>false</disabled>
        <filterGroup>0.0</filterGroup>
        <globalKey>d7dec687-6ff8-4eee-8719-9904c93e80a3</globalKey>
        <inputFieldName>lead:businessLine</inputFieldName>
        <inputObjectQuerySequence>0.0</inputObjectQuerySequence>
        <linkedObjectSequence>0.0</linkedObjectSequence>
        <name>DRLeadInsertMapper</name>
        <omniDataTransformation>0kdWK0000014GK9</omniDataTransformation>
        <omniDataTransformationId>0kdWK0000014GK9</omniDataTransformationId>
        <outputCreationSequence>1.0</outputCreationSequence>
        <outputFieldName>Industry</outputFieldName>
        <outputObjectName>Lead</outputObjectName>
        <requiredForUpsert>false</requiredForUpsert>
        <transformValuesMappings>{ }</transformValuesMappings>
        <upsertKey>false</upsertKey>
    </omniDataTransformItem>
    <omniDataTransformItem>
        <disabled>false</disabled>
        <filterGroup>0.0</filterGroup>
        <globalKey>7a7852cb-d00f-4dcf-ac55-273bf7442391</globalKey>
        <inputFieldName>lead:estimatedPurchaseTime</inputFieldName>
        <inputObjectQuerySequence>0.0</inputObjectQuerySequence>
        <linkedObjectSequence>0.0</linkedObjectSequence>
        <name>DRLeadInsertMapper</name>
        <omniDataTransformation>0kdWK0000014Gjx</omniDataTransformation>
        <omniDataTransformationId>0kdWK0000014Gjx</omniDataTransformationId>
        <outputCreationSequence>1.0</outputCreationSequence>
        <outputFieldName>EstimatedPurchaseTime__c</outputFieldName>
        <outputObjectName>Lead</outputObjectName>
        <requiredForUpsert>false</requiredForUpsert>
        <transformValuesMappings>{ }</transformValuesMappings>
        <upsertKey>false</upsertKey>
    </omniDataTransformItem>
    <omniDataTransformItem>
        <disabled>false</disabled>
        <filterGroup>0.0</filterGroup>
        <globalKey>6bdbb2a4-52a2-41af-aa2f-4146e5513355</globalKey>
        <inputFieldName>sociedad</inputFieldName>
        <inputObjectName>Lead</inputObjectName>
        <inputObjectQuerySequence>0.0</inputObjectQuerySequence>
        <linkedObjectSequence>0.0</linkedObjectSequence>
        <name>DRLeadInsertMapper</name>
        <omniDataTransformation>0kdWK0000014GOz</omniDataTransformation>
        <omniDataTransformationId>0kdWK0000014GOz</omniDataTransformationId>
        <outputCreationSequence>0.0</outputCreationSequence>
        <outputFieldName>Sociedad__c</outputFieldName>
        <outputObjectName>Lead</outputObjectName>
        <requiredForUpsert>false</requiredForUpsert>
        <upsertKey>false</upsertKey>
    </omniDataTransformItem>
    <omniDataTransformItem>
        <disabled>false</disabled>
        <filterGroup>0.0</filterGroup>
        <globalKey>4c2848d1-82f6-4af1-a990-613226be972e</globalKey>
        <inputFieldName>lead:company</inputFieldName>
        <inputObjectQuerySequence>0.0</inputObjectQuerySequence>
        <linkedObjectSequence>0.0</linkedObjectSequence>
        <name>DRLeadInsertMapper</name>
        <omniDataTransformation>0kdWK0000014GaH</omniDataTransformation>
        <omniDataTransformationId>0kdWK0000014GaH</omniDataTransformationId>
        <outputCreationSequence>1.0</outputCreationSequence>
        <outputFieldName>Company</outputFieldName>
        <outputObjectName>Lead</outputObjectName>
        <requiredForUpsert>false</requiredForUpsert>
        <transformValuesMappings>{ }</transformValuesMappings>
        <upsertKey>false</upsertKey>
    </omniDataTransformItem>
    <omniDataTransformItem>
        <disabled>false</disabled>
        <filterGroup>0.0</filterGroup>
        <globalKey>2b03d68c-043e-4840-bb8a-f3ea12f752cf</globalKey>
        <inputFieldName>lead:preferredContactMethod</inputFieldName>
        <inputObjectQuerySequence>0.0</inputObjectQuerySequence>
        <linkedObjectSequence>0.0</linkedObjectSequence>
        <name>DRLeadInsertMapper</name>
        <omniDataTransformation>0kdWK0000017nMn</omniDataTransformation>
        <omniDataTransformationId>0kdWK0000017nMn</omniDataTransformationId>
        <outputCreationSequence>1.0</outputCreationSequence>
        <outputFieldName>PreferredContactMethod__c</outputFieldName>
        <outputObjectName>Lead</outputObjectName>
        <requiredForUpsert>false</requiredForUpsert>
        <transformValuesMappings>{ }</transformValuesMappings>
        <upsertKey>false</upsertKey>
    </omniDataTransformItem>
    <omniDataTransformItem>
        <disabled>false</disabled>
        <filterGroup>0.0</filterGroup>
        <globalKey>8ec425c0-d56c-454e-af24-054cf22c7fc0</globalKey>
        <inputFieldName>Id</inputFieldName>
        <inputObjectQuerySequence>0.0</inputObjectQuerySequence>
        <linkedObjectSequence>0.0</linkedObjectSequence>
        <name>DRLeadInsertMapper</name>
        <omniDataTransformation>0kdWK0000014WtZ</omniDataTransformation>
        <omniDataTransformationId>0kdWK0000014WtZ</omniDataTransformationId>
        <outputCreationSequence>1.0</outputCreationSequence>
        <outputFieldName>Id</outputFieldName>
        <outputObjectName>Lead</outputObjectName>
        <requiredForUpsert>false</requiredForUpsert>
        <transformValuesMappings>{ }</transformValuesMappings>
        <upsertKey>false</upsertKey>
    </omniDataTransformItem>
    <omniDataTransformItem>
        <disabled>false</disabled>
        <filterGroup>0.0</filterGroup>
        <globalKey>ed4fd204-ea06-4d5f-a901-a7bb5f5c917b</globalKey>
        <inputFieldName>lead:rating</inputFieldName>
        <inputObjectQuerySequence>0.0</inputObjectQuerySequence>
        <linkedObjectSequence>0.0</linkedObjectSequence>
        <name>DRLeadInsertMapper</name>
        <omniDataTransformation>0kdWK0000014GAT</omniDataTransformation>
        <omniDataTransformationId>0kdWK0000014GAT</omniDataTransformationId>
        <outputCreationSequence>1.0</outputCreationSequence>
        <outputFieldName>Rating</outputFieldName>
        <outputObjectName>Lead</outputObjectName>
        <requiredForUpsert>false</requiredForUpsert>
        <transformValuesMappings>{ }</transformValuesMappings>
        <upsertKey>false</upsertKey>
    </omniDataTransformItem>
    <omniDataTransformItem>
        <disabled>false</disabled>
        <filterGroup>0.0</filterGroup>
        <globalKey>b271dfb5-c3f1-4f63-813d-867b3bbf2f1a</globalKey>
        <inputFieldName>email</inputFieldName>
        <inputObjectName>Lead</inputObjectName>
        <inputObjectQuerySequence>0.0</inputObjectQuerySequence>
        <linkedObjectSequence>0.0</linkedObjectSequence>
        <name>DRLeadInsertMapper</name>
        <omniDataTransformation>0kdWK0000014GQb</omniDataTransformation>
        <omniDataTransformationId>0kdWK0000014GQb</omniDataTransformationId>
        <outputCreationSequence>0.0</outputCreationSequence>
        <outputFieldName>Email</outputFieldName>
        <outputObjectName>Lead</outputObjectName>
        <requiredForUpsert>false</requiredForUpsert>
        <upsertKey>false</upsertKey>
    </omniDataTransformItem>
    <omniDataTransformItem>
        <disabled>false</disabled>
        <filterGroup>0.0</filterGroup>
        <globalKey>c29043fb-d4b1-4d69-aa7c-b6d24051e28f</globalKey>
        <inputFieldName>lead:phone</inputFieldName>
        <inputObjectQuerySequence>0.0</inputObjectQuerySequence>
        <linkedObjectSequence>0.0</linkedObjectSequence>
        <name>DRLeadInsertMapper</name>
        <omniDataTransformation>0kdWK0000014GQc</omniDataTransformation>
        <omniDataTransformationId>0kdWK0000014GQc</omniDataTransformationId>
        <outputCreationSequence>1.0</outputCreationSequence>
        <outputFieldName>Phone</outputFieldName>
        <outputObjectName>Lead</outputObjectName>
        <requiredForUpsert>false</requiredForUpsert>
        <transformValuesMappings>{ }</transformValuesMappings>
        <upsertKey>false</upsertKey>
    </omniDataTransformItem>
    <omniDataTransformItem>
        <disabled>true</disabled>
        <filterGroup>0.0</filterGroup>
        <filterOperator>=</filterOperator>
        <globalKey>5b918990-b090-45de-bffd-9bbe31de67d4</globalKey>
        <inputObjectQuerySequence>0.0</inputObjectQuerySequence>
        <linkedObjectSequence>0.0</linkedObjectSequence>
        <migrationValue>FAKEMAPPING</migrationValue>
        <name>DRLeadInsertMapper</name>
        <omniDataTransformation>0kdWK0000014GdV</omniDataTransformation>
        <omniDataTransformationId>0kdWK0000014GdV</omniDataTransformationId>
        <outputCreationSequence>1.0</outputCreationSequence>
        <outputFieldName>Id</outputFieldName>
        <outputObjectName>Lead</outputObjectName>
        <requiredForUpsert>false</requiredForUpsert>
        <upsertKey>false</upsertKey>
    </omniDataTransformItem>
    <omniDataTransformItem>
        <disabled>false</disabled>
        <filterGroup>0.0</filterGroup>
        <globalKey>43514f27-3845-4f6b-81aa-548710f204be</globalKey>
        <inputFieldName>lead:firstName</inputFieldName>
        <inputObjectQuerySequence>0.0</inputObjectQuerySequence>
        <linkedObjectSequence>0.0</linkedObjectSequence>
        <name>DRLeadInsertMapper</name>
        <omniDataTransformation>0kdWK0000014GIX</omniDataTransformation>
        <omniDataTransformationId>0kdWK0000014GIX</omniDataTransformationId>
        <outputCreationSequence>1.0</outputCreationSequence>
        <outputFieldName>FirstName</outputFieldName>
        <outputObjectName>Lead</outputObjectName>
        <requiredForUpsert>false</requiredForUpsert>
        <transformValuesMappings>{ }</transformValuesMappings>
        <upsertKey>false</upsertKey>
    </omniDataTransformItem>
    <omniDataTransformItem>
        <disabled>false</disabled>
        <filterGroup>0.0</filterGroup>
        <globalKey>30bb9c43-4ce0-42d6-a3de-ddf6ce0f80f4</globalKey>
        <inputFieldName>firstName</inputFieldName>
        <inputObjectName>Lead</inputObjectName>
        <inputObjectQuerySequence>0.0</inputObjectQuerySequence>
        <linkedObjectSequence>0.0</linkedObjectSequence>
        <name>DRLeadInsertMapper</name>
        <omniDataTransformation>0kdWK0000014GVR</omniDataTransformation>
        <omniDataTransformationId>0kdWK0000014GVR</omniDataTransformationId>
        <outputCreationSequence>0.0</outputCreationSequence>
        <outputFieldName>FirstName</outputFieldName>
        <outputObjectName>Lead</outputObjectName>
        <requiredForUpsert>false</requiredForUpsert>
        <upsertKey>false</upsertKey>
    </omniDataTransformItem>
    <omniDataTransformItem>
        <disabled>false</disabled>
        <filterGroup>0.0</filterGroup>
        <globalKey>fdbe9cad-2146-4322-b5a7-a0260f328d40</globalKey>
        <inputFieldName>company</inputFieldName>
        <inputObjectName>Lead</inputObjectName>
        <inputObjectQuerySequence>0.0</inputObjectQuerySequence>
        <linkedObjectSequence>0.0</linkedObjectSequence>
        <name>DRLeadInsertMapper</name>
        <omniDataTransformation>0kdWK0000014G8r</omniDataTransformation>
        <omniDataTransformationId>0kdWK0000014G8r</omniDataTransformationId>
        <outputCreationSequence>0.0</outputCreationSequence>
        <outputFieldName>Company</outputFieldName>
        <outputObjectName>Lead</outputObjectName>
        <requiredForUpsert>false</requiredForUpsert>
        <upsertKey>false</upsertKey>
    </omniDataTransformItem>
    <outputType>SObject</outputType>
    <previewJsonData>{
  &quot;lead&quot; : {
    &quot;firstName&quot; : &quot;Juan&quot;,
    &quot;lastName&quot; : &quot;Perez&quot;,
    &quot;company&quot; : &quot;Persona Fisica&quot;,
    &quot;email&quot; : &quot;juanperez@teste.com12001&quot;
  },
  &quot;RecordTypeId&quot; : &quot;012WK000001n8IPYAY&quot;
}</previewJsonData>
    <processSuperBulk>false</processSuperBulk>
    <responseCacheTtlMinutes>0.0</responseCacheTtlMinutes>
    <rollbackOnError>false</rollbackOnError>
    <sourceObjectDefault>false</sourceObjectDefault>
    <synchronousProcessThreshold>0.0</synchronousProcessThreshold>
    <type>Load</type>
    <uniqueName>DRLeadInsertMapper_1</uniqueName>
    <versionNumber>1.0</versionNumber>
    <xmlDeclarationRemoved>false</xmlDeclarationRemoved>
</OmniDataTransform>
