<?xml version="1.0" encoding="UTF-8"?>
<OmniDataTransform xmlns="http://soap.sforce.com/2006/04/metadata">
	<active>true</active>
	<assignmentRulesUsed>false</assignmentRulesUsed>
	<deletedOnSuccess>false</deletedOnSuccess>
	<errorIgnored>false</errorIgnored>
	<fieldLevelSecurityEnabled>true</fieldLevelSecurityEnabled>
	<inputType>JSON</inputType>
	<isManagedUsingStdDesigner>true</isManagedUsingStdDesigner>
	<name>DRAccountPrefGet</name>
	<nullInputsIncludedInOutput>false</nullInputsIncludedInOutput>
	<outputType>JSON</outputType>
	<previewJsonData>{
  "accountId": "001WK00002Pz9jlYAB"
}</previewJsonData>
	<processSuperBulk>false</processSuperBulk>
	<responseCacheTtlMinutes>0.0</responseCacheTtlMinutes>
	<rollbackOnError>false</rollbackOnError>
	<sourceObjectDefault>false</sourceObjectDefault>
	<synchronousProcessThreshold>0.0</synchronousProcessThreshold>
	<type>Extract</type>
	<uniqueName>DRAccountPrefGet_1</uniqueName>
	<versionNumber>1.0</versionNumber>
	<xmlDeclarationRemoved>false</xmlDeclarationRemoved>
</OmniDataTransform>
