<?xml version="1.0" encoding="UTF-8"?>
<OmniDataTransform xmlns="http://soap.sforce.com/2006/04/metadata">
	<active>true</active>
	<assignmentRulesUsed>false</assignmentRulesUsed>
	<deletedOnSuccess>false</deletedOnSuccess>
	<errorIgnored>false</errorIgnored>
	<fieldLevelSecurityEnabled>true</fieldLevelSecurityEnabled>
	<inputType>JSON</inputType>
	<isManagedUsingStdDesigner>true</isManagedUsingStdDesigner>
	<name>DRQuoteInsert</name>
	<nullInputsIncludedInOutput>false</nullInputsIncludedInOutput>
	<omniDataTransformItem>
		<disabled>false</disabled>
		<filterGroup>0.0</filterGroup>
		<globalKey>0dd77448-b83b-5a3d-b03e-f2311f737a79</globalKey>
		<inputFieldName>quote:Name</inputFieldName>
		<inputObjectQuerySequence>0.0</inputObjectQuerySequence>
		<linkedObjectSequence>0.0</linkedObjectSequence>
		<name>DRQuoteInsert</name>
		<outputCreationSequence>1.0</outputCreationSequence>
		<outputFieldName>Name</outputFieldName>
		<outputObjectName>Quote</outputObjectName>
		<requiredForUpsert>false</requiredForUpsert>
		<transformValuesMappings>{ }</transformValuesMappings>
		<upsertKey>false</upsertKey>
	</omniDataTransformItem>
	<omniDataTransformItem>
		<disabled>false</disabled>
		<filterGroup>0.0</filterGroup>
		<globalKey>66635315-926f-5a8b-8415-3d8d8444fe06</globalKey>
		<inputFieldName>quote:Status</inputFieldName>
		<inputObjectQuerySequence>0.0</inputObjectQuerySequence>
		<linkedObjectSequence>0.0</linkedObjectSequence>
		<name>DRQuoteInsert</name>
		<outputCreationSequence>1.0</outputCreationSequence>
		<outputFieldName>Status</outputFieldName>
		<outputObjectName>Quote</outputObjectName>
		<requiredForUpsert>false</requiredForUpsert>
		<transformValuesMappings>{ }</transformValuesMappings>
		<upsertKey>false</upsertKey>
	</omniDataTransformItem>
	<omniDataTransformItem>
		<disabled>false</disabled>
		<filterGroup>0.0</filterGroup>
		<globalKey>22b882cc-9335-5c7e-84c3-dcddd4a5296b</globalKey>
		<inputFieldName>quote:ExpirationDate</inputFieldName>
		<inputObjectQuerySequence>0.0</inputObjectQuerySequence>
		<linkedObjectSequence>0.0</linkedObjectSequence>
		<name>DRQuoteInsert</name>
		<outputCreationSequence>1.0</outputCreationSequence>
		<outputFieldName>ExpirationDate</outputFieldName>
		<outputObjectName>Quote</outputObjectName>
		<requiredForUpsert>false</requiredForUpsert>
		<transformValuesMappings>{ }</transformValuesMappings>
		<upsertKey>false</upsertKey>
	</omniDataTransformItem>
	<omniDataTransformItem>
		<disabled>false</disabled>
		<filterGroup>0.0</filterGroup>
		<globalKey>3b843742-9951-5868-b334-9332cfba10b7</globalKey>
		<inputFieldName>quote:AccountId</inputFieldName>
		<inputObjectQuerySequence>0.0</inputObjectQuerySequence>
		<linkedObjectSequence>0.0</linkedObjectSequence>
		<name>DRQuoteInsert</name>
		<outputCreationSequence>1.0</outputCreationSequence>
		<outputFieldName>AccountId</outputFieldName>
		<outputObjectName>Quote</outputObjectName>
		<requiredForUpsert>false</requiredForUpsert>
		<transformValuesMappings>{ }</transformValuesMappings>
		<upsertKey>false</upsertKey>
	</omniDataTransformItem>
	<omniDataTransformItem>
		<disabled>false</disabled>
		<filterGroup>0.0</filterGroup>
		<globalKey>4eb01e7e-bd4b-563a-9571-6d7655a83439</globalKey>
		<inputFieldName>quote:OpportunityId</inputFieldName>
		<inputObjectQuerySequence>0.0</inputObjectQuerySequence>
		<linkedObjectSequence>0.0</linkedObjectSequence>
		<name>DRQuoteInsert</name>
		<outputCreationSequence>1.0</outputCreationSequence>
		<outputFieldName>OpportunityId</outputFieldName>
		<outputObjectName>Quote</outputObjectName>
		<requiredForUpsert>false</requiredForUpsert>
		<transformValuesMappings>{ }</transformValuesMappings>
		<upsertKey>false</upsertKey>
	</omniDataTransformItem>
	<outputType>SObject</outputType>
	<previewJsonData>{
  "quote": {
    "Name": "Cotizacion 2026-07-09",
    "Status": "Draft",
    "ExpirationDate": "2026-08-08",
    "AccountId": "001000000000000AAA"
  }
}</previewJsonData>
	<processSuperBulk>false</processSuperBulk>
	<responseCacheTtlMinutes>0.0</responseCacheTtlMinutes>
	<rollbackOnError>false</rollbackOnError>
	<sourceObjectDefault>false</sourceObjectDefault>
	<synchronousProcessThreshold>0.0</synchronousProcessThreshold>
	<type>Load</type>
	<uniqueName>DRQuoteInsert_1</uniqueName>
	<versionNumber>1.0</versionNumber>
	<xmlDeclarationRemoved>false</xmlDeclarationRemoved>
</OmniDataTransform>
