<?xml version="1.0" encoding="UTF-8"?>
<OmniDataTransform xmlns="http://soap.sforce.com/2006/04/metadata">
	<active>true</active>
	<assignmentRulesUsed>false</assignmentRulesUsed>
	<deletedOnSuccess>false</deletedOnSuccess>
	<errorIgnored>false</errorIgnored>
	<fieldLevelSecurityEnabled>true</fieldLevelSecurityEnabled>
	<inputType>JSON</inputType>
	<isManagedUsingStdDesigner>true</isManagedUsingStdDesigner>
	<name>DRQuoteInsert</name>
	<nullInputsIncludedInOutput>false</nullInputsIncludedInOutput>
	<omniDataTransformItem>
		<disabled>false</disabled>
		<filterGroup>0.0</filterGroup>
		<globalKey>8a42d7b9-5a9c-5937-b27a-57a9d6651320</globalKey>
		<inputFieldName>quoteName</inputFieldName>
		<inputObjectQuerySequence>0.0</inputObjectQuerySequence>
		<linkedObjectSequence>0.0</linkedObjectSequence>
		<name>DRQuoteInsert</name>
		<outputCreationSequence>1.0</outputCreationSequence>
		<outputFieldName>Name</outputFieldName>
		<outputObjectName>Quote</outputObjectName>
		<requiredForUpsert>false</requiredForUpsert>
		<transformValuesMappings>{ }</transformValuesMappings>
		<upsertKey>false</upsertKey>
	</omniDataTransformItem>
	<omniDataTransformItem>
		<disabled>false</disabled>
		<filterGroup>0.0</filterGroup>
		<globalKey>9ffffbfa-5d18-5d1f-afb1-c099538d98ca</globalKey>
		<inputFieldName>quoteStatus</inputFieldName>
		<inputObjectQuerySequence>0.0</inputObjectQuerySequence>
		<linkedObjectSequence>0.0</linkedObjectSequence>
		<name>DRQuoteInsert</name>
		<outputCreationSequence>1.0</outputCreationSequence>
		<outputFieldName>Status</outputFieldName>
		<outputObjectName>Quote</outputObjectName>
		<requiredForUpsert>false</requiredForUpsert>
		<transformValuesMappings>{ }</transformValuesMappings>
		<upsertKey>false</upsertKey>
	</omniDataTransformItem>
	<omniDataTransformItem>
		<disabled>false</disabled>
		<filterGroup>0.0</filterGroup>
		<globalKey>0b97dc27-4776-5851-8c86-f3bd74ee436a</globalKey>
		<inputFieldName>quoteExpiration</inputFieldName>
		<inputObjectQuerySequence>0.0</inputObjectQuerySequence>
		<linkedObjectSequence>0.0</linkedObjectSequence>
		<name>DRQuoteInsert</name>
		<outputCreationSequence>1.0</outputCreationSequence>
		<outputFieldName>ExpirationDate</outputFieldName>
		<outputObjectName>Quote</outputObjectName>
		<requiredForUpsert>false</requiredForUpsert>
		<transformValuesMappings>{ }</transformValuesMappings>
		<upsertKey>false</upsertKey>
	</omniDataTransformItem>
	<omniDataTransformItem>
		<disabled>false</disabled>
		<filterGroup>0.0</filterGroup>
		<globalKey>cd793dde-57d7-5f65-8d9f-c95619a1453f</globalKey>
		<inputFieldName>quoteAccountId</inputFieldName>
		<inputObjectQuerySequence>0.0</inputObjectQuerySequence>
		<linkedObjectSequence>0.0</linkedObjectSequence>
		<name>DRQuoteInsert</name>
		<outputCreationSequence>1.0</outputCreationSequence>
		<outputFieldName>AccountId</outputFieldName>
		<outputObjectName>Quote</outputObjectName>
		<requiredForUpsert>false</requiredForUpsert>
		<transformValuesMappings>{ }</transformValuesMappings>
		<upsertKey>false</upsertKey>
	</omniDataTransformItem>
	<omniDataTransformItem>
		<disabled>false</disabled>
		<filterGroup>0.0</filterGroup>
		<globalKey>6f8fbbc1-955b-5f1d-b7b8-6ed59daf193c</globalKey>
		<inputFieldName>quoteOpportunityId</inputFieldName>
		<inputObjectQuerySequence>0.0</inputObjectQuerySequence>
		<linkedObjectSequence>0.0</linkedObjectSequence>
		<name>DRQuoteInsert</name>
		<outputCreationSequence>1.0</outputCreationSequence>
		<outputFieldName>OpportunityId</outputFieldName>
		<outputObjectName>Quote</outputObjectName>
		<requiredForUpsert>false</requiredForUpsert>
		<transformValuesMappings>{ }</transformValuesMappings>
		<upsertKey>false</upsertKey>
	</omniDataTransformItem>
	<outputType>SObject</outputType>
	<previewJsonData>{
  "quoteName": "Cotizacion 2026-07-09",
  "quoteStatus": "Draft",
  "quoteExpiration": "2026-08-08",
  "quoteAccountId": "001000000000000AAA"
}</previewJsonData>
	<processSuperBulk>false</processSuperBulk>
	<responseCacheTtlMinutes>0.0</responseCacheTtlMinutes>
	<rollbackOnError>false</rollbackOnError>
	<sourceObjectDefault>false</sourceObjectDefault>
	<synchronousProcessThreshold>0.0</synchronousProcessThreshold>
	<type>Load</type>
	<uniqueName>DRQuoteInsert_1</uniqueName>
	<versionNumber>1.0</versionNumber>
	<xmlDeclarationRemoved>false</xmlDeclarationRemoved>
</OmniDataTransform>
