<?xml version="1.0" encoding="UTF-8"?>
<!--
  ProductSearch - Data Mapper EXTRACT (regular, nao Turbo) para busca textual de
  Product2. Turbo Extract nao executa LIKE; Extract regular sim.
  Best-effort .rpt: se as Mappings nao aparecerem no Designer, basta abrir e dar
  Quick Match (o objeto + filtros devem vir). Sem BusinessBrandId/MakeName (campos
  Automotive que quebravam o extract).
-->
<OmniDataTransform xmlns="http://soap.sforce.com/2006/04/metadata">
    <active>true</active>
    <assignmentRulesUsed>false</assignmentRulesUsed>
    <deletedOnSuccess>false</deletedOnSuccess>
    <errorIgnored>false</errorIgnored>
    <fieldLevelSecurityEnabled>true</fieldLevelSecurityEnabled>
    <inputType>JSON</inputType>
    <isManagedUsingStdDesigner>true</isManagedUsingStdDesigner>
    <name>ProductSearch</name>
    <nullInputsIncludedInOutput>false</nullInputsIncludedInOutput>
    <omniDataTransformItem>
        <disabled>false</disabled>
        <filterDataType>TEXTAREA</filterDataType>
        <filterGroup>0.0</filterGroup>
        <filterOperator>LIKE</filterOperator>
        <filterValue>searchText</filterValue>
        <globalKey>737a4f03-202b-4399-968a-bbea01b83aa3</globalKey>
        <inputFieldName>Name</inputFieldName>
        <inputObjectName>Product2</inputObjectName>
        <inputObjectQuerySequence>1.0</inputObjectQuerySequence>
        <linkedObjectSequence>0.0</linkedObjectSequence>
        <name>ProductSearch</name>
        <outputCreationSequence>0.0</outputCreationSequence>
        <outputFieldName>products</outputFieldName>
        <outputObjectName>Extract</outputObjectName>
        <requiredForUpsert>false</requiredForUpsert>
        <upsertKey>false</upsertKey>
    </omniDataTransformItem>
    <omniDataTransformItem>
        <disabled>false</disabled>
        <filterDataType>TEXTAREA</filterDataType>
        <filterGroup>0.0</filterGroup>
        <filterOperator>=</filterOperator>
        <filterValue>true</filterValue>
        <globalKey>794024ec-a13e-4d82-95c3-8442be96857d</globalKey>
        <inputFieldName>IsActive</inputFieldName>
        <inputObjectName>Product2</inputObjectName>
        <inputObjectQuerySequence>1.0</inputObjectQuerySequence>
        <linkedObjectSequence>0.0</linkedObjectSequence>
        <name>ProductSearch</name>
        <outputCreationSequence>0.0</outputCreationSequence>
        <outputFieldName>products</outputFieldName>
        <outputObjectName>Extract</outputObjectName>
        <requiredForUpsert>false</requiredForUpsert>
        <upsertKey>false</upsertKey>
    </omniDataTransformItem>
    <omniDataTransformItem>
        <disabled>false</disabled>
        <filterGroup>0.0</filterGroup>
        <globalKey>394a1c32-dd99-4ea0-a31c-6930d6f6d489</globalKey>
        <inputFieldName>Id</inputFieldName>
        <inputObjectName>Product2</inputObjectName>
        <inputObjectQuerySequence>0.0</inputObjectQuerySequence>
        <linkedObjectSequence>0.0</linkedObjectSequence>
        <name>ProductSearch</name>
        <outputCreationSequence>1.0</outputCreationSequence>
        <outputFieldName>products:productId</outputFieldName>
        <outputObjectName>Extract</outputObjectName>
        <requiredForUpsert>false</requiredForUpsert>
        <upsertKey>false</upsertKey>
    </omniDataTransformItem>
    <omniDataTransformItem>
        <disabled>false</disabled>
        <filterGroup>0.0</filterGroup>
        <globalKey>d7f79b88-ca9d-4d71-8ba5-74eb25edd7eb</globalKey>
        <inputFieldName>Name</inputFieldName>
        <inputObjectName>Product2</inputObjectName>
        <inputObjectQuerySequence>0.0</inputObjectQuerySequence>
        <linkedObjectSequence>0.0</linkedObjectSequence>
        <name>ProductSearch</name>
        <outputCreationSequence>1.0</outputCreationSequence>
        <outputFieldName>products:productName</outputFieldName>
        <outputObjectName>Extract</outputObjectName>
        <requiredForUpsert>false</requiredForUpsert>
        <upsertKey>false</upsertKey>
    </omniDataTransformItem>
    <omniDataTransformItem>
        <disabled>false</disabled>
        <filterGroup>0.0</filterGroup>
        <globalKey>e3e16f17-5d97-4f38-a0d0-5b2bc68ec776</globalKey>
        <inputFieldName>ProductCode</inputFieldName>
        <inputObjectName>Product2</inputObjectName>
        <inputObjectQuerySequence>0.0</inputObjectQuerySequence>
        <linkedObjectSequence>0.0</linkedObjectSequence>
        <name>ProductSearch</name>
        <outputCreationSequence>1.0</outputCreationSequence>
        <outputFieldName>products:productCode</outputFieldName>
        <outputObjectName>Extract</outputObjectName>
        <requiredForUpsert>false</requiredForUpsert>
        <upsertKey>false</upsertKey>
    </omniDataTransformItem>
    <omniDataTransformItem>
        <disabled>false</disabled>
        <filterGroup>0.0</filterGroup>
        <globalKey>5617ed84-4565-4bc9-817b-03c81a72c476</globalKey>
        <inputFieldName>Family</inputFieldName>
        <inputObjectName>Product2</inputObjectName>
        <inputObjectQuerySequence>0.0</inputObjectQuerySequence>
        <linkedObjectSequence>0.0</linkedObjectSequence>
        <name>ProductSearch</name>
        <outputCreationSequence>1.0</outputCreationSequence>
        <outputFieldName>products:productFamily</outputFieldName>
        <outputObjectName>Extract</outputObjectName>
        <requiredForUpsert>false</requiredForUpsert>
        <upsertKey>false</upsertKey>
    </omniDataTransformItem>
    <omniDataTransformItem>
        <disabled>false</disabled>
        <filterGroup>0.0</filterGroup>
        <globalKey>4396cd24-cc95-419a-9e11-afb9726fbc00</globalKey>
        <inputFieldName>IsActive</inputFieldName>
        <inputObjectName>Product2</inputObjectName>
        <inputObjectQuerySequence>0.0</inputObjectQuerySequence>
        <linkedObjectSequence>0.0</linkedObjectSequence>
        <name>ProductSearch</name>
        <outputCreationSequence>1.0</outputCreationSequence>
        <outputFieldName>products:isActive</outputFieldName>
        <outputObjectName>Extract</outputObjectName>
        <requiredForUpsert>false</requiredForUpsert>
        <upsertKey>false</upsertKey>
    </omniDataTransformItem>
    <outputType>JSON</outputType>
    <previewJsonData>{
  &quot;searchText&quot; : &quot;%Honda%&quot;
}</previewJsonData>
    <processSuperBulk>false</processSuperBulk>
    <responseCacheTtlMinutes>0.0</responseCacheTtlMinutes>
    <rollbackOnError>false</rollbackOnError>
    <sourceObjectDefault>false</sourceObjectDefault>
    <synchronousProcessThreshold>0.0</synchronousProcessThreshold>
    <type>Extract</type>
    <uniqueName>ProductSearch_1</uniqueName>
    <versionNumber>1.0</versionNumber>
    <xmlDeclarationRemoved>false</xmlDeclarationRemoved>
</OmniDataTransform>
