<?xml version="1.0" encoding="UTF-8"?>
<OmniDataTransform xmlns="http://soap.sforce.com/2006/04/metadata">
    <active>true</active>
    <assignmentRulesUsed>false</assignmentRulesUsed>
    <deletedOnSuccess>false</deletedOnSuccess>
    <errorIgnored>false</errorIgnored>
    <fieldLevelSecurityEnabled>true</fieldLevelSecurityEnabled>
    <inputType>JSON</inputType>
    <isManagedUsingStdDesigner>true</isManagedUsingStdDesigner>
    <name>DRBusinessProfileGetByCode</name>
    <nullInputsIncludedInOutput>false</nullInputsIncludedInOutput>
    <omniDataTransformItem>
        <disabled>false</disabled>
        <filterDataType>TEXTAREA</filterDataType>
        <filterGroup>0.0</filterGroup>
        <filterOperator>=</filterOperator>
        <filterValue>dealerCode</filterValue>
        <globalKey>4df7d933-1249-4a45-8b54-f33c2c7a199b</globalKey>
        <inputFieldName>ExternalReferenceNumber</inputFieldName>
        <inputObjectName>BusinessProfile</inputObjectName>
        <inputObjectQuerySequence>1.0</inputObjectQuerySequence>
        <linkedObjectSequence>0.0</linkedObjectSequence>
        <name>DRBusinessProfileGetByCode</name>
        <outputCreationSequence>0.0</outputCreationSequence>
        <outputFieldName>dealer</outputFieldName>
        <outputObjectName>Turbo Extract</outputObjectName>
        <requiredForUpsert>false</requiredForUpsert>
        <upsertKey>false</upsertKey>
    </omniDataTransformItem>
    <omniDataTransformItem>
        <disabled>false</disabled>
        <filterGroup>0.0</filterGroup>
        <globalKey>2b6f062b-f61a-47c8-8a03-303d579afa6e</globalKey>
        <inputFieldName>AccountId</inputFieldName>
        <inputObjectName>BusinessProfile</inputObjectName>
        <inputObjectQuerySequence>0.0</inputObjectQuerySequence>
        <linkedObjectSequence>0.0</linkedObjectSequence>
        <name>DRBusinessProfileGetByCode</name>
        <outputCreationSequence>1.0</outputCreationSequence>
        <outputFieldName>dealer</outputFieldName>
        <outputObjectName>Turbo Extract</outputObjectName>
        <requiredForUpsert>false</requiredForUpsert>
        <upsertKey>false</upsertKey>
    </omniDataTransformItem>
    <omniDataTransformItem>
        <disabled>false</disabled>
        <filterGroup>0.0</filterGroup>
        <globalKey>5a2d4d2c-9b7e-4c2f-9b3a-7e2c1a4f8b10</globalKey>
        <inputFieldName>BusinessPartnerCode</inputFieldName>
        <inputObjectName>BusinessProfile</inputObjectName>
        <inputObjectQuerySequence>0.0</inputObjectQuerySequence>
        <linkedObjectSequence>0.0</linkedObjectSequence>
        <name>DRBusinessProfileGetByCode</name>
        <outputCreationSequence>1.0</outputCreationSequence>
        <outputFieldName>dealer</outputFieldName>
        <outputObjectName>Turbo Extract</outputObjectName>
        <requiredForUpsert>false</requiredForUpsert>
        <upsertKey>false</upsertKey>
    </omniDataTransformItem>
    <outputType>JSON</outputType>
    <previewJsonData>{
  &quot;dealerCode&quot; : &quot;C105-LURUCA-FORLAND&quot;
}</previewJsonData>
    <processSuperBulk>false</processSuperBulk>
    <responseCacheTtlMinutes>0.0</responseCacheTtlMinutes>
    <rollbackOnError>false</rollbackOnError>
    <sourceObjectDefault>false</sourceObjectDefault>
    <synchronousProcessThreshold>0.0</synchronousProcessThreshold>
    <type>Turbo Extract</type>
    <uniqueName>DRBusinessProfileGetByCode_1</uniqueName>
    <versionNumber>1.0</versionNumber>
    <xmlDeclarationRemoved>false</xmlDeclarationRemoved>
</OmniDataTransform>
