<?xml version="1.0" encoding="UTF-8"?>
<OmniDataTransform xmlns="http://soap.sforce.com/2006/04/metadata">
    <active>true</active>
    <assignmentRulesUsed>false</assignmentRulesUsed>
    <deletedOnSuccess>false</deletedOnSuccess>
    <errorIgnored>false</errorIgnored>
    <fieldLevelSecurityEnabled>true</fieldLevelSecurityEnabled>
    <inputType>JSON</inputType>
    <isManagedUsingStdDesigner>true</isManagedUsingStdDesigner>
    <name>DRLeadGetByExternalRequestId</name>
    <nullInputsIncludedInOutput>false</nullInputsIncludedInOutput>
    <omniDataTransformItem>
        <disabled>false</disabled>
        <filterDataType>TEXTAREA</filterDataType>
        <filterGroup>0.0</filterGroup>
        <filterOperator>=</filterOperator>
        <filterValue>externalRequestId</filterValue>
        <globalKey>5e275373-8bdf-4ed3-9c52-01bd221d7589</globalKey>
        <inputFieldName>ExternalRequestId__c</inputFieldName>
        <inputObjectName>Lead</inputObjectName>
        <inputObjectQuerySequence>1.0</inputObjectQuerySequence>
        <linkedObjectSequence>0.0</linkedObjectSequence>
        <name>DRLeadGetByExternalRequestId</name>
        <outputCreationSequence>0.0</outputCreationSequence>
        <outputFieldName>existingLead</outputFieldName>
        <outputObjectName>Turbo Extract</outputObjectName>
        <requiredForUpsert>false</requiredForUpsert>
        <upsertKey>false</upsertKey>
    </omniDataTransformItem>
    <omniDataTransformItem>
        <disabled>false</disabled>
        <filterGroup>0.0</filterGroup>
        <globalKey>0bf01f6e-1764-49b8-8a2c-393dfdbc636c</globalKey>
        <inputFieldName>Id</inputFieldName>
        <inputObjectName>Lead</inputObjectName>
        <inputObjectQuerySequence>0.0</inputObjectQuerySequence>
        <linkedObjectSequence>0.0</linkedObjectSequence>
        <name>DRLeadGetByExternalRequestId</name>
        <outputCreationSequence>1.0</outputCreationSequence>
        <outputFieldName>existingLead</outputFieldName>
        <outputObjectName>Turbo Extract</outputObjectName>
        <requiredForUpsert>false</requiredForUpsert>
        <upsertKey>false</upsertKey>
    </omniDataTransformItem>
    <omniDataTransformItem>
        <disabled>false</disabled>
        <filterGroup>0.0</filterGroup>
        <globalKey>db43bef0-b39f-4943-87fe-7cf068fc1f34</globalKey>
        <inputFieldName>CreatedDate</inputFieldName>
        <inputObjectName>Lead</inputObjectName>
        <inputObjectQuerySequence>0.0</inputObjectQuerySequence>
        <linkedObjectSequence>0.0</linkedObjectSequence>
        <name>DRLeadGetByExternalRequestId</name>
        <outputCreationSequence>1.0</outputCreationSequence>
        <outputFieldName>existingLead</outputFieldName>
        <outputObjectName>Turbo Extract</outputObjectName>
        <requiredForUpsert>false</requiredForUpsert>
        <upsertKey>false</upsertKey>
    </omniDataTransformItem>
    <omniDataTransformItem>
        <disabled>false</disabled>
        <filterGroup>0.0</filterGroup>
        <globalKey>48f8429e-4683-4f29-8e18-89b1d796da6e</globalKey>
        <inputFieldName>ChannelCode__c</inputFieldName>
        <inputObjectName>Lead</inputObjectName>
        <inputObjectQuerySequence>0.0</inputObjectQuerySequence>
        <linkedObjectSequence>0.0</linkedObjectSequence>
        <name>DRLeadGetByExternalRequestId</name>
        <outputCreationSequence>1.0</outputCreationSequence>
        <outputFieldName>existingLead</outputFieldName>
        <outputObjectName>Turbo Extract</outputObjectName>
        <requiredForUpsert>false</requiredForUpsert>
        <upsertKey>false</upsertKey>
    </omniDataTransformItem>
    <outputType>JSON</outputType>
    <previewJsonData>{
  &quot;externalRequestId&quot; : &quot;550e8400-e29b-41d4-a716-446655440000&quot;
}</previewJsonData>
    <processSuperBulk>false</processSuperBulk>
    <responseCacheTtlMinutes>0.0</responseCacheTtlMinutes>
    <rollbackOnError>false</rollbackOnError>
    <sourceObjectDefault>false</sourceObjectDefault>
    <synchronousProcessThreshold>0.0</synchronousProcessThreshold>
    <type>Turbo Extract</type>
    <uniqueName>DRLeadGetByExternalRequestId_1</uniqueName>
    <versionNumber>1.0</versionNumber>
    <xmlDeclarationRemoved>false</xmlDeclarationRemoved>
</OmniDataTransform>
