<?xml version="1.0" encoding="UTF-8"?>
<OmniDataTransform xmlns="http://soap.sforce.com/2006/04/metadata">
    <active>true</active>
    <assignmentRulesUsed>false</assignmentRulesUsed>
    <deletedOnSuccess>false</deletedOnSuccess>
    <errorIgnored>false</errorIgnored>
    <fieldLevelSecurityEnabled>true</fieldLevelSecurityEnabled>
    <inputType>JSON</inputType>
    <isManagedUsingStdDesigner>true</isManagedUsingStdDesigner>
    <name>DRLeadInsert</name>
    <nullInputsIncludedInOutput>false</nullInputsIncludedInOutput>
    <omniDataTransformItem>
        <disabled>false</disabled>
        <globalKey>86fc7659-4044-4c46-8d48-2b9f33cdde2d</globalKey>
        <inputFieldName>firstName</inputFieldName>
        <inputObjectName>Lead</inputObjectName>
        <inputObjectQuerySequence>0.0</inputObjectQuerySequence>
        <linkedObjectSequence>0.0</linkedObjectSequence>
        <name>DRLeadInsert</name>
        <outputCreationSequence>0.0</outputCreationSequence>
        <outputFieldName>FirstName</outputFieldName>
        <outputObjectName>Lead</outputObjectName>
        <requiredForUpsert>false</requiredForUpsert>
        <upsertKey>false</upsertKey>
    </omniDataTransformItem>
    <omniDataTransformItem>
        <disabled>false</disabled>
        <globalKey>14275d5f-4a37-4a2c-ba73-8d9edbd05987</globalKey>
        <inputFieldName>lastName</inputFieldName>
        <inputObjectName>Lead</inputObjectName>
        <inputObjectQuerySequence>0.0</inputObjectQuerySequence>
        <linkedObjectSequence>0.0</linkedObjectSequence>
        <name>DRLeadInsert</name>
        <outputCreationSequence>0.0</outputCreationSequence>
        <outputFieldName>LastName</outputFieldName>
        <outputObjectName>Lead</outputObjectName>
        <requiredForUpsert>false</requiredForUpsert>
        <upsertKey>false</upsertKey>
    </omniDataTransformItem>
    <omniDataTransformItem>
        <disabled>false</disabled>
        <globalKey>1d2501b9-24a9-498f-950d-32a2668ee151</globalKey>
        <inputFieldName>email</inputFieldName>
        <inputObjectName>Lead</inputObjectName>
        <inputObjectQuerySequence>0.0</inputObjectQuerySequence>
        <linkedObjectSequence>0.0</linkedObjectSequence>
        <name>DRLeadInsert</name>
        <outputCreationSequence>0.0</outputCreationSequence>
        <outputFieldName>Email</outputFieldName>
        <outputObjectName>Lead</outputObjectName>
        <requiredForUpsert>false</requiredForUpsert>
        <upsertKey>false</upsertKey>
    </omniDataTransformItem>
    <omniDataTransformItem>
        <disabled>false</disabled>
        <globalKey>7476046b-0070-492e-95b4-38e14d9c26d1</globalKey>
        <inputFieldName>phone</inputFieldName>
        <inputObjectName>Lead</inputObjectName>
        <inputObjectQuerySequence>0.0</inputObjectQuerySequence>
        <linkedObjectSequence>0.0</linkedObjectSequence>
        <name>DRLeadInsert</name>
        <outputCreationSequence>0.0</outputCreationSequence>
        <outputFieldName>Phone</outputFieldName>
        <outputObjectName>Lead</outputObjectName>
        <requiredForUpsert>false</requiredForUpsert>
        <upsertKey>false</upsertKey>
    </omniDataTransformItem>
    <omniDataTransformItem>
        <disabled>false</disabled>
        <globalKey>00854b9d-8cfb-4b2c-9034-96f6e095d2c3</globalKey>
        <inputFieldName>company</inputFieldName>
        <inputObjectName>Lead</inputObjectName>
        <inputObjectQuerySequence>0.0</inputObjectQuerySequence>
        <linkedObjectSequence>0.0</linkedObjectSequence>
        <name>DRLeadInsert</name>
        <outputCreationSequence>0.0</outputCreationSequence>
        <outputFieldName>Company</outputFieldName>
        <outputObjectName>Lead</outputObjectName>
        <requiredForUpsert>false</requiredForUpsert>
        <upsertKey>false</upsertKey>
    </omniDataTransformItem>
    <omniDataTransformItem>
        <disabled>false</disabled>
        <globalKey>2e7284fa-0917-4f29-9c8f-8c0c4dd6249b</globalKey>
        <inputFieldName>leadSource</inputFieldName>
        <inputObjectName>Lead</inputObjectName>
        <inputObjectQuerySequence>0.0</inputObjectQuerySequence>
        <linkedObjectSequence>0.0</linkedObjectSequence>
        <name>DRLeadInsert</name>
        <outputCreationSequence>0.0</outputCreationSequence>
        <outputFieldName>LeadSource</outputFieldName>
        <outputObjectName>Lead</outputObjectName>
        <requiredForUpsert>false</requiredForUpsert>
        <upsertKey>false</upsertKey>
    </omniDataTransformItem>
    <omniDataTransformItem>
        <disabled>false</disabled>
        <globalKey>651b1fa9-e8fe-4492-a178-88bd08f04d1f</globalKey>
        <inputFieldName>country</inputFieldName>
        <inputObjectName>Lead</inputObjectName>
        <inputObjectQuerySequence>0.0</inputObjectQuerySequence>
        <linkedObjectSequence>0.0</linkedObjectSequence>
        <name>DRLeadInsert</name>
        <outputCreationSequence>0.0</outputCreationSequence>
        <outputFieldName>Country</outputFieldName>
        <outputObjectName>Lead</outputObjectName>
        <requiredForUpsert>false</requiredForUpsert>
        <upsertKey>false</upsertKey>
    </omniDataTransformItem>
    <omniDataTransformItem>
        <disabled>false</disabled>
        <globalKey>21b54a17-ebb3-421d-a674-cb54b98d212a</globalKey>
        <inputFieldName>industry</inputFieldName>
        <inputObjectName>Lead</inputObjectName>
        <inputObjectQuerySequence>0.0</inputObjectQuerySequence>
        <linkedObjectSequence>0.0</linkedObjectSequence>
        <name>DRLeadInsert</name>
        <outputCreationSequence>0.0</outputCreationSequence>
        <outputFieldName>Industry</outputFieldName>
        <outputObjectName>Lead</outputObjectName>
        <requiredForUpsert>false</requiredForUpsert>
        <upsertKey>false</upsertKey>
    </omniDataTransformItem>
    <omniDataTransformItem>
        <disabled>false</disabled>
        <globalKey>1141014d-e9cf-4b53-917c-e656f4bab5c8</globalKey>
        <inputFieldName>description</inputFieldName>
        <inputObjectName>Lead</inputObjectName>
        <inputObjectQuerySequence>0.0</inputObjectQuerySequence>
        <linkedObjectSequence>0.0</linkedObjectSequence>
        <name>DRLeadInsert</name>
        <outputCreationSequence>0.0</outputCreationSequence>
        <outputFieldName>Description</outputFieldName>
        <outputObjectName>Lead</outputObjectName>
        <requiredForUpsert>false</requiredForUpsert>
        <upsertKey>false</upsertKey>
    </omniDataTransformItem>
    <omniDataTransformItem>
        <disabled>false</disabled>
        <globalKey>62397cd2-a49a-4478-af0b-139f90f47f9e</globalKey>
        <inputFieldName>nationalId</inputFieldName>
        <inputObjectName>Lead</inputObjectName>
        <inputObjectQuerySequence>0.0</inputObjectQuerySequence>
        <linkedObjectSequence>0.0</linkedObjectSequence>
        <name>DRLeadInsert</name>
        <outputCreationSequence>0.0</outputCreationSequence>
        <outputFieldName>NationalId__c</outputFieldName>
        <outputObjectName>Lead</outputObjectName>
        <requiredForUpsert>false</requiredForUpsert>
        <upsertKey>false</upsertKey>
    </omniDataTransformItem>
    <omniDataTransformItem>
        <disabled>false</disabled>
        <globalKey>3c51cec1-e6d7-4e50-8266-89d7b1786f92</globalKey>
        <inputFieldName>linhaNegocio</inputFieldName>
        <inputObjectName>Lead</inputObjectName>
        <inputObjectQuerySequence>0.0</inputObjectQuerySequence>
        <linkedObjectSequence>0.0</linkedObjectSequence>
        <name>DRLeadInsert</name>
        <outputCreationSequence>0.0</outputCreationSequence>
        <outputFieldName>LinhaNegocio__c</outputFieldName>
        <outputObjectName>Lead</outputObjectName>
        <requiredForUpsert>false</requiredForUpsert>
        <upsertKey>false</upsertKey>
    </omniDataTransformItem>
    <omniDataTransformItem>
        <disabled>false</disabled>
        <globalKey>cae38ac0-d1f0-47fa-8b00-51b14252ef76</globalKey>
        <inputFieldName>externalRequestId</inputFieldName>
        <inputObjectName>Lead</inputObjectName>
        <inputObjectQuerySequence>0.0</inputObjectQuerySequence>
        <linkedObjectSequence>0.0</linkedObjectSequence>
        <name>DRLeadInsert</name>
        <outputCreationSequence>0.0</outputCreationSequence>
        <outputFieldName>ExternalRequestId__c</outputFieldName>
        <outputObjectName>Lead</outputObjectName>
        <requiredForUpsert>false</requiredForUpsert>
        <upsertKey>false</upsertKey>
    </omniDataTransformItem>
    <omniDataTransformItem>
        <disabled>false</disabled>
        <globalKey>be4afaee-d4a2-471b-9a15-910a4cd77c23</globalKey>
        <inputFieldName>channelCode</inputFieldName>
        <inputObjectName>Lead</inputObjectName>
        <inputObjectQuerySequence>0.0</inputObjectQuerySequence>
        <linkedObjectSequence>0.0</linkedObjectSequence>
        <name>DRLeadInsert</name>
        <outputCreationSequence>0.0</outputCreationSequence>
        <outputFieldName>ChannelCode__c</outputFieldName>
        <outputObjectName>Lead</outputObjectName>
        <requiredForUpsert>false</requiredForUpsert>
        <upsertKey>false</upsertKey>
    </omniDataTransformItem>
    <omniDataTransformItem>
        <disabled>false</disabled>
        <filterGroup>0.0</filterGroup>
        <globalKey>f40d2fda-bfd5-4616-9c3d-1d47c77b444b</globalKey>
        <inputFieldName>sociedad</inputFieldName>
        <inputObjectName>Lead</inputObjectName>
        <inputObjectQuerySequence>0.0</inputObjectQuerySequence>
        <linkedObjectSequence>0.0</linkedObjectSequence>
        <name>DRLeadInsert</name>
        <outputCreationSequence>0.0</outputCreationSequence>
        <outputFieldName>Sociedad__c</outputFieldName>
        <outputObjectName>Lead</outputObjectName>
        <requiredForUpsert>false</requiredForUpsert>
        <upsertKey>false</upsertKey>
    </omniDataTransformItem>
    <outputType>SObject</outputType>
    <previewJsonData>{
  &quot;firstName&quot; : &quot;Juan&quot;,
  &quot;lastName&quot; : &quot;Perez&quot;,
  &quot;company&quot; : &quot;Persona Fisica&quot;,
  &quot;leadSource&quot; : &quot;WEB_FORLAND_LURUCA&quot;,
  &quot;externalRequestId&quot; : &quot;550e8400-e29b-41d4-a716-446655440000&quot;,
  &quot;channelCode&quot; : &quot;MULESOFT_FB&quot;
}</previewJsonData>
    <processSuperBulk>false</processSuperBulk>
    <responseCacheTtlMinutes>0.0</responseCacheTtlMinutes>
    <rollbackOnError>false</rollbackOnError>
    <sourceObjectDefault>false</sourceObjectDefault>
    <synchronousProcessThreshold>0.0</synchronousProcessThreshold>
    <type>Load</type>
    <uniqueName>DRLeadInsert_1</uniqueName>
    <versionNumber>1.0</versionNumber>
    <xmlDeclarationRemoved>false</xmlDeclarationRemoved>
</OmniDataTransform>
