<?xml version="1.0" encoding="UTF-8"?>
<OmniDataTransform xmlns="http://soap.sforce.com/2006/04/metadata">
    <active>true</active>
    <assignmentRulesUsed>false</assignmentRulesUsed>
    <deletedOnSuccess>false</deletedOnSuccess>
    <errorIgnored>false</errorIgnored>
    <fieldLevelSecurityEnabled>true</fieldLevelSecurityEnabled>
    <inputType>JSON</inputType>
    <isManagedUsingStdDesigner>true</isManagedUsingStdDesigner>
    <name>SearchAccount</name>
    <nullInputsIncludedInOutput>false</nullInputsIncludedInOutput>
    <omniDataTransformItem>
        <disabled>false</disabled>
        <filterDataType>TEXTAREA</filterDataType>
        <filterGroup>0.0</filterGroup>
        <filterOperator>=</filterOperator>
        <filterValue>searchNationalId</filterValue>
        <globalKey>0cefcd16-f7c9-4c10-b00e-f174809cb4be</globalKey>
        <inputFieldName>NationalId__c</inputFieldName>
        <inputObjectName>Account</inputObjectName>
        <inputObjectQuerySequence>1.0</inputObjectQuerySequence>
        <linkedObjectSequence>0.0</linkedObjectSequence>
        <name>SearchAccount</name>
        <omniDataTransformation>0kdWK000000qvGj</omniDataTransformation>
        <omniDataTransformationId>0kdWK000000qvGj</omniDataTransformationId>
        <outputCreationSequence>0.0</outputCreationSequence>
        <outputFieldName>accountResult</outputFieldName>
        <outputObjectName>Turbo Extract</outputObjectName>
        <requiredForUpsert>false</requiredForUpsert>
        <upsertKey>false</upsertKey>
    </omniDataTransformItem>
    <omniDataTransformItem>
        <disabled>false</disabled>
        <filterGroup>0.0</filterGroup>
        <globalKey>3d757ed5-0061-4a40-aa51-62f8b9f831a9</globalKey>
        <inputFieldName>PersonEmail</inputFieldName>
        <inputObjectName>Account</inputObjectName>
        <inputObjectQuerySequence>0.0</inputObjectQuerySequence>
        <linkedObjectSequence>0.0</linkedObjectSequence>
        <name>SearchAccount</name>
        <omniDataTransformation>0kdWK000000q25l</omniDataTransformation>
        <omniDataTransformationId>0kdWK000000q25l</omniDataTransformationId>
        <outputCreationSequence>1.0</outputCreationSequence>
        <outputFieldName>accountResult</outputFieldName>
        <outputObjectName>Turbo Extract</outputObjectName>
        <requiredForUpsert>false</requiredForUpsert>
        <upsertKey>false</upsertKey>
    </omniDataTransformItem>
    <omniDataTransformItem>
        <disabled>false</disabled>
        <filterGroup>0.0</filterGroup>
        <globalKey>29de9d8b-a37f-4935-801e-16ee115929e3</globalKey>
        <inputFieldName>Sociedad__c</inputFieldName>
        <inputObjectName>Account</inputObjectName>
        <inputObjectQuerySequence>0.0</inputObjectQuerySequence>
        <linkedObjectSequence>0.0</linkedObjectSequence>
        <name>SearchAccount</name>
        <omniDataTransformation>0kdWK000000pxZ7</omniDataTransformation>
        <omniDataTransformationId>0kdWK000000pxZ7</omniDataTransformationId>
        <outputCreationSequence>1.0</outputCreationSequence>
        <outputFieldName>accountResult</outputFieldName>
        <outputObjectName>Turbo Extract</outputObjectName>
        <requiredForUpsert>false</requiredForUpsert>
        <upsertKey>false</upsertKey>
    </omniDataTransformItem>
    <omniDataTransformItem>
        <disabled>false</disabled>
        <filterGroup>0.0</filterGroup>
        <globalKey>2f89bb20-d613-48e4-a58e-cd0229ebe25e</globalKey>
        <inputFieldName>BillingCountry</inputFieldName>
        <inputObjectName>Account</inputObjectName>
        <inputObjectQuerySequence>0.0</inputObjectQuerySequence>
        <linkedObjectSequence>0.0</linkedObjectSequence>
        <name>SearchAccount</name>
        <omniDataTransformation>0kdWK000000qvgX</omniDataTransformation>
        <omniDataTransformationId>0kdWK000000qvgX</omniDataTransformationId>
        <outputCreationSequence>1.0</outputCreationSequence>
        <outputFieldName>accountResult</outputFieldName>
        <outputObjectName>Turbo Extract</outputObjectName>
        <requiredForUpsert>false</requiredForUpsert>
        <upsertKey>false</upsertKey>
    </omniDataTransformItem>
    <omniDataTransformItem>
        <disabled>false</disabled>
        <filterGroup>0.0</filterGroup>
        <globalKey>6252dbba-3d75-4c24-8139-5675d6c2c966</globalKey>
        <inputFieldName>Phone</inputFieldName>
        <inputObjectName>Account</inputObjectName>
        <inputObjectQuerySequence>0.0</inputObjectQuerySequence>
        <linkedObjectSequence>0.0</linkedObjectSequence>
        <name>SearchAccount</name>
        <omniDataTransformation>0kdWK000000pxXV</omniDataTransformation>
        <omniDataTransformationId>0kdWK000000pxXV</omniDataTransformationId>
        <outputCreationSequence>1.0</outputCreationSequence>
        <outputFieldName>accountResult</outputFieldName>
        <outputObjectName>Turbo Extract</outputObjectName>
        <requiredForUpsert>false</requiredForUpsert>
        <upsertKey>false</upsertKey>
    </omniDataTransformItem>
    <omniDataTransformItem>
        <disabled>false</disabled>
        <filterDataType>TEXTAREA</filterDataType>
        <filterGroup>0.0</filterGroup>
        <filterOperator>=</filterOperator>
        <filterValue>searchSociedad</filterValue>
        <globalKey>6277f300-aedb-40ca-88a8-44552286737c</globalKey>
        <inputFieldName>Sociedad__c</inputFieldName>
        <inputObjectName>Account</inputObjectName>
        <inputObjectQuerySequence>1.0</inputObjectQuerySequence>
        <linkedObjectSequence>0.0</linkedObjectSequence>
        <name>SearchAccount</name>
        <omniDataTransformation>0kdWK000000q22X</omniDataTransformation>
        <omniDataTransformationId>0kdWK000000q22X</omniDataTransformationId>
        <outputCreationSequence>0.0</outputCreationSequence>
        <outputFieldName>accountResult</outputFieldName>
        <outputObjectName>Turbo Extract</outputObjectName>
        <requiredForUpsert>false</requiredForUpsert>
        <upsertKey>false</upsertKey>
    </omniDataTransformItem>
    <omniDataTransformItem>
        <disabled>false</disabled>
        <filterGroup>0.0</filterGroup>
        <globalKey>e20e3d78-0b9c-42e8-9c9d-9b7893c82f49</globalKey>
        <inputFieldName>Name</inputFieldName>
        <inputObjectName>Account</inputObjectName>
        <inputObjectQuerySequence>0.0</inputObjectQuerySequence>
        <linkedObjectSequence>0.0</linkedObjectSequence>
        <name>SearchAccount</name>
        <omniDataTransformation>0kdWK000000pxUH</omniDataTransformation>
        <omniDataTransformationId>0kdWK000000pxUH</omniDataTransformationId>
        <outputCreationSequence>1.0</outputCreationSequence>
        <outputFieldName>accountResult</outputFieldName>
        <outputObjectName>Turbo Extract</outputObjectName>
        <requiredForUpsert>false</requiredForUpsert>
        <upsertKey>false</upsertKey>
    </omniDataTransformItem>
    <omniDataTransformItem>
        <disabled>false</disabled>
        <filterGroup>0.0</filterGroup>
        <globalKey>d72585b3-3ca8-4d4f-ba1f-db7c8c8157fa</globalKey>
        <inputFieldName>NationalId__c</inputFieldName>
        <inputObjectName>Account</inputObjectName>
        <inputObjectQuerySequence>0.0</inputObjectQuerySequence>
        <linkedObjectSequence>0.0</linkedObjectSequence>
        <name>SearchAccount</name>
        <omniDataTransformation>0kdWK000000pxfZ</omniDataTransformation>
        <omniDataTransformationId>0kdWK000000pxfZ</omniDataTransformationId>
        <outputCreationSequence>1.0</outputCreationSequence>
        <outputFieldName>accountResult</outputFieldName>
        <outputObjectName>Turbo Extract</outputObjectName>
        <requiredForUpsert>false</requiredForUpsert>
        <upsertKey>false</upsertKey>
    </omniDataTransformItem>
    <omniDataTransformItem>
        <disabled>false</disabled>
        <filterGroup>0.0</filterGroup>
        <globalKey>379d94e0-6815-44e2-b11f-7ca10a14b7f6</globalKey>
        <inputFieldName>ListaNegraStatus__c</inputFieldName>
        <inputObjectName>Account</inputObjectName>
        <inputObjectQuerySequence>0.0</inputObjectQuerySequence>
        <linkedObjectSequence>0.0</linkedObjectSequence>
        <name>SearchAccount</name>
        <omniDataTransformation>0kdWK000000pxin</omniDataTransformation>
        <omniDataTransformationId>0kdWK000000pxin</omniDataTransformationId>
        <outputCreationSequence>1.0</outputCreationSequence>
        <outputFieldName>accountResult</outputFieldName>
        <outputObjectName>Turbo Extract</outputObjectName>
        <requiredForUpsert>false</requiredForUpsert>
        <upsertKey>false</upsertKey>
    </omniDataTransformItem>
    <outputType>JSON</outputType>
    <previewJsonData>{
  &quot;searchSociedad&quot; : &quot;C101&quot;,
  &quot;searchNationalId&quot; : &quot;123456789&quot;
}</previewJsonData>
    <processSuperBulk>false</processSuperBulk>
    <responseCacheTtlMinutes>0.0</responseCacheTtlMinutes>
    <rollbackOnError>false</rollbackOnError>
    <sourceObjectDefault>false</sourceObjectDefault>
    <synchronousProcessThreshold>0.0</synchronousProcessThreshold>
    <type>Turbo Extract</type>
    <uniqueName>SearchAccount_1</uniqueName>
    <versionNumber>1.0</versionNumber>
    <xmlDeclarationRemoved>false</xmlDeclarationRemoved>
</OmniDataTransform>
